../NandController/Services/StatusRegister_Services.c:12:9:GetSR1	8	static
../NandController/Services/StatusRegister_Services.c:17:9:GetBlockProtectBits	8	static
../NandController/Services/StatusRegister_Services.c:22:6:IsTopBottomProtect	8	static
../NandController/Services/StatusRegister_Services.c:27:6:IsWriteProtectEnabled	8	static
../NandController/Services/StatusRegister_Services.c:32:6:IsSRP0Enabled	8	static
../NandController/Services/StatusRegister_Services.c:37:6:IsSRP1Enabled	8	static
../NandController/Services/StatusRegister_Services.c:46:9:GetSR2	8	static
../NandController/Services/StatusRegister_Services.c:51:6:GetOTP_Lock_service	8	static
../NandController/Services/StatusRegister_Services.c:56:6:IsOTPEnabled_service	8	static
../NandController/Services/StatusRegister_Services.c:61:6:IsSR1Locked_service	8	static
../NandController/Services/StatusRegister_Services.c:66:6:IsECCEnabled_service	8	static
../NandController/Services/StatusRegister_Services.c:71:6:IsBufferMode_service	8	static
../NandController/Services/StatusRegister_Services.c:76:9:GetOutputDriverStrength_service	8	static
../NandController/Services/StatusRegister_Services.c:81:6:IsHoldDisabled_service	8	static
../NandController/Services/StatusRegister_Services.c:90:9:GetSR3	8	static
../NandController/Services/StatusRegister_Services.c:95:6:IsWriteEnableLatch_service	8	static
../NandController/Services/StatusRegister_Services.c:100:6:IsBusy_service	8	static
../NandController/Services/StatusRegister_Services.c:105:6:CheckProgramFail_service	8	static
../NandController/Services/StatusRegister_Services.c:110:6:CheckEraseFail_service	8	static
../NandController/Services/StatusRegister_Services.c:115:6:IsECCError_service	16	static
../NandController/Services/StatusRegister_Services.c:122:14:GetECCStatus_service	16	static
